Archive member included to satisfy reference by file (symbol)

c:/gnu_toolchain/gcc_new/bin/../lib/gcc/arm-none-eabi/10.3.1/thumb/v7-m/nofp\libgcc.a(_arm_mulsf3.o)
                              ./Output/Component/Uart_Lib/UART_Handmade.o (__aeabi_fmul)
c:/gnu_toolchain/gcc_new/bin/../lib/gcc/arm-none-eabi/10.3.1/thumb/v7-m/nofp\libgcc.a(_arm_addsubsf3.o)
                              ./Output/Component/Uart_Lib/UART_Handmade.o (__aeabi_fsub)
c:/gnu_toolchain/gcc_new/bin/../lib/gcc/arm-none-eabi/10.3.1/thumb/v7-m/nofp\libgcc.a(_arm_muldivsf3.o)
                              ./Output/Component/Uart_Lib/UART_Handmade.o (__aeabi_fdiv)
c:/gnu_toolchain/gcc_new/bin/../lib/gcc/arm-none-eabi/10.3.1/thumb/v7-m/nofp\libgcc.a(_arm_fixunssfsi.o)
                              ./Output/Component/Uart_Lib/UART_Handmade.o (__aeabi_f2uiz)
c:/gnu_toolchain/gcc_new/bin/../lib/gcc/arm-none-eabi/10.3.1/../../../../arm-none-eabi/lib/thumb/v7-m/nofp\libg_nano.a(lib_a-errno.o)
                              ./Output/Component/Syscall/Syscall_Handmade.o (__errno)
c:/gnu_toolchain/gcc_new/bin/../lib/gcc/arm-none-eabi/10.3.1/../../../../arm-none-eabi/lib/thumb/v7-m/nofp\libg_nano.a(lib_a-impure.o)
                              c:/gnu_toolchain/gcc_new/bin/../lib/gcc/arm-none-eabi/10.3.1/../../../../arm-none-eabi/lib/thumb/v7-m/nofp\libg_nano.a(lib_a-errno.o) (_impure_ptr)
c:/gnu_toolchain/gcc_new/bin/../lib/gcc/arm-none-eabi/10.3.1/../../../../arm-none-eabi/lib/thumb/v7-m/nofp\libg_nano.a(lib_a-malloc.o)
                              ./Output/Component/MutexRTOS/MutexRTOS.o (malloc)
c:/gnu_toolchain/gcc_new/bin/../lib/gcc/arm-none-eabi/10.3.1/../../../../arm-none-eabi/lib/thumb/v7-m/nofp\libg_nano.a(lib_a-memcpy-stub.o)
                              ./Output/main/STM32_Startup.o (memcpy)
c:/gnu_toolchain/gcc_new/bin/../lib/gcc/arm-none-eabi/10.3.1/../../../../arm-none-eabi/lib/thumb/v7-m/nofp\libg_nano.a(lib_a-memset.o)
                              ./Output/main/STM32_Startup.o (memset)
c:/gnu_toolchain/gcc_new/bin/../lib/gcc/arm-none-eabi/10.3.1/../../../../arm-none-eabi/lib/thumb/v7-m/nofp\libg_nano.a(lib_a-nano-freer.o)
                              c:/gnu_toolchain/gcc_new/bin/../lib/gcc/arm-none-eabi/10.3.1/../../../../arm-none-eabi/lib/thumb/v7-m/nofp\libg_nano.a(lib_a-malloc.o) (_free_r)
c:/gnu_toolchain/gcc_new/bin/../lib/gcc/arm-none-eabi/10.3.1/../../../../arm-none-eabi/lib/thumb/v7-m/nofp\libg_nano.a(lib_a-nano-mallocr.o)
                              c:/gnu_toolchain/gcc_new/bin/../lib/gcc/arm-none-eabi/10.3.1/../../../../arm-none-eabi/lib/thumb/v7-m/nofp\libg_nano.a(lib_a-malloc.o) (_malloc_r)
c:/gnu_toolchain/gcc_new/bin/../lib/gcc/arm-none-eabi/10.3.1/../../../../arm-none-eabi/lib/thumb/v7-m/nofp\libg_nano.a(lib_a-sbrkr.o)
                              c:/gnu_toolchain/gcc_new/bin/../lib/gcc/arm-none-eabi/10.3.1/../../../../arm-none-eabi/lib/thumb/v7-m/nofp\libg_nano.a(lib_a-nano-mallocr.o) (_sbrk_r)
c:/gnu_toolchain/gcc_new/bin/../lib/gcc/arm-none-eabi/10.3.1/../../../../arm-none-eabi/lib/thumb/v7-m/nofp\libg_nano.a(lib_a-mlock.o)
                              c:/gnu_toolchain/gcc_new/bin/../lib/gcc/arm-none-eabi/10.3.1/../../../../arm-none-eabi/lib/thumb/v7-m/nofp\libg_nano.a(lib_a-nano-freer.o) (__malloc_lock)
c:/gnu_toolchain/gcc_new/bin/../lib/gcc/arm-none-eabi/10.3.1/../../../../arm-none-eabi/lib/thumb/v7-m/nofp\libg_nano.a(lib_a-reent.o)
                              c:/gnu_toolchain/gcc_new/bin/../lib/gcc/arm-none-eabi/10.3.1/../../../../arm-none-eabi/lib/thumb/v7-m/nofp\libg_nano.a(lib_a-sbrkr.o) (errno)
c:/gnu_toolchain/gcc_new/bin/../lib/gcc/arm-none-eabi/10.3.1/../../../../arm-none-eabi/lib/thumb/v7-m/nofp\libg_nano.a(lib_a-lock.o)
                              c:/gnu_toolchain/gcc_new/bin/../lib/gcc/arm-none-eabi/10.3.1/../../../../arm-none-eabi/lib/thumb/v7-m/nofp\libg_nano.a(lib_a-mlock.o) (__retarget_lock_acquire_recursive)

Discarded input sections

 .text          0x00000000        0x0 ./Output/main/main.o
 .data          0x00000000        0x0 ./Output/main/main.o
 .bss           0x00000000        0x0 ./Output/main/main.o
 .text.SSD1306_WriteCommand
                0x00000000       0x30 ./Output/main/main.o
 .text.SSD1306_SetCursor
                0x00000000       0x84 ./Output/main/main.o
 .data.Data_Manager
                0x00000000       0x7a ./Output/main/main.o
 .text          0x00000000        0x0 ./Output/main/STM32_Startup.o
 .data          0x00000000        0x0 ./Output/main/STM32_Startup.o
 .bss           0x00000000        0x0 ./Output/main/STM32_Startup.o
 .text          0x00000000        0x0 ./Output/Component/Adc_Lib/ADC_Handmade.o
 .data          0x00000000        0x0 ./Output/Component/Adc_Lib/ADC_Handmade.o
 .bss           0x00000000        0x0 ./Output/Component/Adc_Lib/ADC_Handmade.o
 .text.ADC_EnableClock
                0x00000000       0x30 ./Output/Component/Adc_Lib/ADC_Handmade.o
 .text.ADC_Init
                0x00000000      0x4a8 ./Output/Component/Adc_Lib/ADC_Handmade.o
[...]
Memory Configuration

Name             Origin             Length             Attributes
FLASH            0x08000000         0x00010000         xr
RAM              0x20000000         0x00005000         xrw
*default*        0x00000000         0xffffffff

Linker script and memory map

LOAD c:/gnu_toolchain/gcc_new/bin/../lib/gcc/arm-none-eabi/10.3.1/../../../../arm-none-eabi/lib/thumb/v7-m/nofp\libc_nano.a
LOAD c:/gnu_toolchain/gcc_new/bin/../lib/gcc/arm-none-eabi/10.3.1/thumb/v7-m/nofp\libgcc.a
LOAD c:/gnu_toolchain/gcc_new/bin/../lib/gcc/arm-none-eabi/10.3.1/../../../../arm-none-eabi/lib/thumb/v7-m/nofp\libnosys.a
LOAD ./Output/main/main.o
LOAD ./Output/main/STM32_Startup.o
LOAD ./Output/Component/Adc_Lib/ADC_Handmade.o
LOAD ./Output/Component/Cortex_m3/cortex_m3.o
LOAD ./Output/Component/DMA_Lib/DMA_Handmade.o
LOAD ./Output/Component/DS18B20/DS18B20.o
LOAD ./Output/Component/Flash_Lib/Flash_Handmade.o
LOAD ./Output/Component/FreeRTOS/FreeRTOS_Handmade.o
LOAD ./Output/Component/FreeRTOS/switch.o
LOAD ./Output/Component/GPIO_Lib/GPIO_Handmade.o
LOAD ./Output/Component/I2C_Lib/I2C_Handmade.o
LOAD ./Output/Component/InitSystemPeripheral/InitSystemPeripheral.o
LOAD ./Output/Component/MutexRTOS/MutexRTOS.o
LOAD ./Output/Component/Nvic_Lib/NVIC_Handmade.o
LOAD ./Output/Component/QueueRTOS/QueueRTOS.o
LOAD ./Output/Component/RCC_Lib/RCC_Handmade.o
LOAD ./Output/Component/SCB_Base/SCB_Base.o
LOAD ./Output/Component/SPI_Lib/SPI_Handmade.o
LOAD ./Output/Component/Syscall/Syscall_Handmade.o
LOAD ./Output/Component/SysTick_Lib/Systick_Handmade.o
LOAD ./Output/Component/Timer_Lib/Timer_Handmade.o
LOAD ./Output/Component/Uart_Lib/UART_Handmade.o
LOAD ./Output/Component/UartDataManager/UART_Data_Manager.o
START GROUP
LOAD c:/gnu_toolchain/gcc_new/bin/../lib/gcc/arm-none-eabi/10.3.1/thumb/v7-m/nofp\libgcc.a
LOAD c:/gnu_toolchain/gcc_new/bin/../lib/gcc/arm-none-eabi/10.3.1/../../../../arm-none-eabi/lib/thumb/v7-m/nofp\libg_nano.a
LOAD c:/gnu_toolchain/gcc_new/bin/../lib/gcc/arm-none-eabi/10.3.1/../../../../arm-none-eabi/lib/thumb/v7-m/nofp\libc_nano.a
END GROUP
START GROUP
LOAD c:/gnu_toolchain/gcc_new/bin/../lib/gcc/arm-none-eabi/10.3.1/thumb/v7-m/nofp\libgcc.a
LOAD c:/gnu_toolchain/gcc_new/bin/../lib/gcc/arm-none-eabi/10.3.1/../../../../arm-none-eabi/lib/thumb/v7-m/nofp\libc_nano.a
END GROUP
                0x00000800                _heap_size = 0x800
                0x00000800                _stack_size = 0x800

.isr_vector     0x08000000      0x130
 *(.isr_vector)
 .isr_vector    0x08000000      0x130 ./Output/main/STM32_Startup.o
                0x08000000                vectors

.text           0x08000130      0xf00
 *(.text*)
 .text.SysTick_Handler
                0x08000130        0x4 ./Output/main/main.o
                0x08000130                SysTick_Handler
 .text.SSD1306_DrawCharA
                0x08000134       0xc0 ./Output/main/main.o
                0x08000134                SSD1306_DrawCharA
 .text.SSD1306_Init
                0x080001f4      0x430 ./Output/main/main.o
                0x080001f4                SSD1306_Init
 .text.SSD1306_Clear
                0x08000624       0xb4 ./Output/main/main.o
                0x08000624                SSD1306_Clear
 .text.startup.main
                0x080006d8       0x34 ./Output/main/main.o
                0x080006d8                main
 .text.Default_Handler
                0x0800070c        0x4 ./Output/main/STM32_Startup.o
                0x0800070c                RTC_Alarm_IRQHandler
                0x0800070c                EXTI2_IRQHandler
                0x0800070c                TIM8_TRG_COM_IRQHandler
                0x0800070c                TIM8_CC_IRQHandler
                0x0800070c                DebugMon_Handler
                0x0800070c                TIM1_CC_IRQHandler
                0x0800070c                HardFault_Handler
                0x0800070c                TIM6_IRQHandler
                0x0800070c                PVD_IRQHandler
                0x0800070c                SDIO_IRQHandler
                0x0800070c                NMI_Handler
                0x0800070c                EXTI3_IRQHandler
                0x0800070c                EXTI0_IRQHandler
                0x0800070c                I2C2_EV_IRQHandler
                0x0800070c                UsageFault_Handler
                0x0800070c                ADC1_2_IRQHandler
                0x0800070c                SPI1_IRQHandler
                0x0800070c                TAMPER_IRQHandler
                0x0800070c                TIM8_UP_IRQHandler
                0x0800070c                DMA2_Channel2_IRQHandler
                0x0800070c                DMA1_Channel4_IRQHandler
                0x0800070c                USART3_IRQHandler
                0x0800070c                RTC_IRQHandler
                0x0800070c                DMA1_Channel7_IRQHandler
                0x0800070c                CAN1_RX1_IRQHandler
                0x0800070c                UART5_IRQHandler
                0x0800070c                ADC3_IRQHandler
                0x0800070c                USBWakeup_IRQHandler
                0x0800070c                TIM4_IRQHandler
                0x0800070c                DMA2_Channel1_IRQHandler
                0x0800070c                I2C1_EV_IRQHandler
                0x0800070c                DMA1_Channel6_IRQHandler
                0x0800070c                UART4_IRQHandler
                0x0800070c                TIM3_IRQHandler
                0x0800070c                RCC_IRQHandler
                0x0800070c                TIM1_TRG_COM_IRQHandler
                0x0800070c                DMA1_Channel1_IRQHandler
                0x0800070c                Default_Handler
                0x0800070c                EXTI15_10_IRQHandler
                0x0800070c                TIM7_IRQHandler
                0x0800070c                TIM5_IRQHandler
                0x0800070c                EXTI9_5_IRQHandler
                0x0800070c                SPI2_IRQHandler
                0x0800070c                MemManage_Handler
                0x0800070c                SVC_Handler
                0x0800070c                DMA1_Channel5_IRQHandler
                0x0800070c                EXTI4_IRQHandler
                0x0800070c                USB_LP_CAN1_RX0_IRQHandler
                0x0800070c                USB_HP_CAN1_TX_IRQHandler
                0x0800070c                DMA1_Channel3_IRQHandler
                0x0800070c                FSMC_IRQHandler
                0x0800070c                TIM1_UP_IRQHandler
                0x0800070c                WWDG_IRQHandler
                0x0800070c                TIM2_IRQHandler
                0x0800070c                TIM1_BRK_IRQHandler
                0x0800070c                EXTI1_IRQHandler
                0x0800070c                DMA2_Channel4_5_IRQHandler
                0x0800070c                USART2_IRQHandler
                0x0800070c                I2C2_ER_IRQHandler
                0x0800070c                DMA1_Channel2_IRQHandler
                0x0800070c                TIM8_BRK_IRQHandler
                0x0800070c                CAN1_SCE_IRQHandler
                0x0800070c                FLASH_IRQHandler
                0x0800070c                BusFault_Handler
                0x0800070c                USART1_IRQHandler
                0x0800070c                SPI3_IRQHandler
                0x0800070c                I2C1_ER_IRQHandler
                0x0800070c                DMA2_Channel3_IRQHandler
 .text.Reset_Handler
                0x08000710       0x3c ./Output/main/STM32_Startup.o
                0x08000710                Reset_Handler
 .text.Flash_AdjustForCLK
                0x0800074c       0x88 ./Output/Component/Flash_Lib/Flash_Handmade.o
                0x0800074c                Flash_AdjustForCLK
 .text.Task_GetCurrentCPU
                0x080007d4       0x18 ./Output/Component/FreeRTOS/FreeRTOS_Handmade.o
                0x080007d4                Task_GetCurrentCPU
 .text.Task_GetNextCPU
                0x080007ec      0x234 ./Output/Component/FreeRTOS/FreeRTOS_Handmade.o
                0x080007ec                Task_GetNextCPU
 .text          0x08000a20       0x60 ./Output/Component/FreeRTOS/switch.o
                0x08000a20                PendSV_Handler
 .text.InitGPIO
                0x08000a80       0xc0 ./Output/Component/GPIO_Lib/GPIO_Handmade.o
                0x08000a80                InitGPIO
 .text.initI2C  0x08000b40       0xc4 ./Output/Component/I2C_Lib/I2C_Handmade.o
                0x08000b40                initI2C
 .text.masterSendStart
                0x08000c04       0x24 ./Output/Component/I2C_Lib/I2C_Handmade.o
                0x08000c04                masterSendStart
 .text.masterSendAddress
                0x08000c28       0x28 ./Output/Component/I2C_Lib/I2C_Handmade.o
                0x08000c28                masterSendAddress
 .text.masterSendData
                0x08000c50       0x1c ./Output/Component/I2C_Lib/I2C_Handmade.o
                0x08000c50                masterSendData
 .text.masterSendStop
                0x08000c6c       0x20 ./Output/Component/I2C_Lib/I2C_Handmade.o
                0x08000c6c                masterSendStop
 .text.Enable_Clock_RCC_APB2
                0x08000c8c       0x28 ./Output/Component/RCC_Lib/RCC_Handmade.o
                0x08000c8c                Enable_Clock_RCC_APB2
 .text.Enable_Clock_RCC_APB1
                0x08000cb4       0x1c ./Output/Component/RCC_Lib/RCC_Handmade.o
                0x08000cb4                Enable_Clock_RCC_APB1
 .text.Select_Frequency_CLK
                0x08000cd0      0x120 ./Output/Component/RCC_Lib/RCC_Handmade.o
                0x08000cd0                Select_Frequency_CLK
 .text.init_RCC
                0x08000df0       0x94 ./Output/Component/RCC_Lib/RCC_Handmade.o
                0x08000df0                init_RCC
 .text.getFrequencyRCC
                0x08000e84        0xc ./Output/Component/RCC_Lib/RCC_Handmade.o
                0x08000e84                getFrequencyRCC
 .text.SysTick_ms_inc
                0x08000e90       0x10 ./Output/Component/SysTick_Lib/Systick_Handmade.o
                0x08000e90                SysTick_ms_inc
 .text.SysTick_Init
                0x08000ea0       0x80 ./Output/Component/SysTick_Lib/Systick_Handmade.o
                0x08000ea0                SysTick_Init
 .text.memcpy   0x08000f20       0x1c c:/gnu_toolchain/gcc_new/bin/../lib/gcc/arm-none-eabi/10.3.1/../../../../arm-none-eabi/lib/thumb/v7-m/nofp\libg_nano.a(lib_a-memcpy-stub.o)
                0x08000f20                memcpy
 .text.memset   0x08000f3c       0x10 c:/gnu_toolchain/gcc_new/bin/../lib/gcc/arm-none-eabi/10.3.1/../../../../arm-none-eabi/lib/thumb/v7-m/nofp\libg_nano.a(lib_a-memset.o)
                0x08000f3c                memset
 *(.rodata*)
 .rodata.font_A_5x7
                0x08000f4c        0x5 ./Output/main/main.o
                0x08000f4c                font_A_5x7
 *fill*         0x08000f51        0x3 
 .rodata.GPIO_CNF_MASKS
                0x08000f54       0x40 ./Output/Component/GPIO_Lib/GPIO_Handmade.o
 .rodata.GPIO_CRL_CNF_POS
                0x08000f94       0x20 ./Output/Component/GPIO_Lib/GPIO_Handmade.o
 .rodata.GPIO_CRL_MODE_POS
                0x08000fb4       0x20 ./Output/Component/GPIO_Lib/GPIO_Handmade.o
 .rodata.GPIO_List
                0x08000fd4       0x1c ./Output/Component/GPIO_Lib/GPIO_Handmade.o
 .rodata.GPIO_MODE_MASKS
                0x08000ff0       0x40 ./Output/Component/GPIO_Lib/GPIO_Handmade.o
                0x08001030                . = ALIGN (0x4)
                0x08001030                _etext = .
                0x08001030                _la_data = LOADADDR (.data)

.glue_7         0x08001030        0x0
 .glue_7        0x08001030        0x0 linker stubs

.glue_7t        0x08001030        0x0
 .glue_7t       0x08001030        0x0 linker stubs

.vfp11_veneer   0x08001030        0x0
 .vfp11_veneer  0x08001030        0x0 linker stubs

.v4_bx          0x08001030        0x0
 .v4_bx         0x08001030        0x0 linker stubs

.iplt           0x08001030        0x0
 .iplt          0x08001030        0x0 ./Output/main/main.o

.rel.dyn        0x08001030        0x0
 .rel.iplt      0x08001030        0x0 ./Output/main/main.o

.data           0x20000000       0x44 load address 0x08001030
                0x20000000                _sdata = .
 *(.data*)
 .data.SysTickConfig
                0x20000000        0x8 ./Output/main/main.o
                0x20000000                SysTickConfig
 .data.i2cconfig
                0x20000008       0x28 ./Output/main/main.o
                0x20000008                i2cconfig
 .data.rccconfig
                0x20000030        0x8 ./Output/main/main.o
                0x20000030                rccconfig
 .data.isIdle_Task
                0x20000038        0x4 ./Output/Component/FreeRTOS/FreeRTOS_Handmade.o
                0x20000038                isIdle_Task
 .data.I2C_LIST
                0x2000003c        0x8 ./Output/Component/I2C_Lib/I2C_Handmade.o
                0x2000003c                I2C_LIST
                0x20000044                . = ALIGN (0x4)
                0x20000044                _edata = .

.igot.plt       0x20000044        0x0 load address 0x08001074
 .igot.plt      0x20000044        0x0 ./Output/main/main.o

.bss            0x20000044     0x154c load address 0x08001074
                0x20000044                _sbss = .
 *(.bss*)
 .bss.Task      0x20000044     0x153c ./Output/Component/FreeRTOS/FreeRTOS_Handmade.o
                0x20000044                Task
 .bss.TaskManager
                0x20001580        0x3 ./Output/Component/FreeRTOS/FreeRTOS_Handmade.o
                0x20001580                TaskManager
 *fill*         0x20001583        0x1 
 .bss.Frequency_RCC
                0x20001584        0x4 ./Output/Component/RCC_Lib/RCC_Handmade.o
                0x20001584                Frequency_RCC
 .bss.HPRE_Prescaler
                0x20001588        0x1 ./Output/Component/RCC_Lib/RCC_Handmade.o
                0x20001588                HPRE_Prescaler
 .bss.PPRE1_Prescaler
                0x20001589        0x1 ./Output/Component/RCC_Lib/RCC_Handmade.o
                0x20001589                PPRE1_Prescaler
 .bss.PPRE2_Prescaler
                0x2000158a        0x1 ./Output/Component/RCC_Lib/RCC_Handmade.o
                0x2000158a                PPRE2_Prescaler
 *fill*         0x2000158b        0x1 
 .bss.SysTick_ms
                0x2000158c        0x4 ./Output/Component/SysTick_Lib/Systick_Handmade.o
                0x2000158c                SysTick_ms
 *(COMMON)
                0x20001590                . = ALIGN (0x4)
                0x20001590                _ebss = .

.heap           0x20001590      0x800 load address 0x08001074
                0x20001590                . = ALIGN (0x8)
                0x20001590                _sheap = .
                0x20001d90                . = (. + _heap_size)
 *fill*         0x20001590      0x800 
                0x20001d90                _eheap = .

.stack          0x20001d90        0x0 load address 0x08001074
                0x20005000                _estack = (ORIGIN (RAM) + LENGTH (RAM))
                0x20004800                _sstack = (_estack - _stack_size)
OUTPUT(Output/STM32_RUN.elf elf32-littlearm)
LOAD linker stubs

.debug_info     0x00000000     0x4fa3
 .debug_info    0x00000000     0x2404 ./Output/main/main.o
 .debug_info    0x00002404      0x1ea ./Output/main/STM32_Startup.o
 .debug_info    0x000025ee      0x37d ./Output/Component/Flash_Lib/Flash_Handmade.o
 .debug_info    0x0000296b      0x509 ./Output/Component/FreeRTOS/FreeRTOS_Handmade.o
 .debug_info    0x00002e74       0x26 ./Output/Component/FreeRTOS/switch.o
 .debug_info    0x00002e9a      0x8ca ./Output/Component/GPIO_Lib/GPIO_Handmade.o
 .debug_info    0x00003764      0xb9d ./Output/Component/I2C_Lib/I2C_Handmade.o
 .debug_info    0x00004301      0x9a7 ./Output/Component/RCC_Lib/RCC_Handmade.o
 .debug_info    0x00004ca8      0x2fb ./Output/Component/SysTick_Lib/Systick_Handmade.o

.debug_abbrev   0x00000000      0xf65
 .debug_abbrev  0x00000000      0x2c5 ./Output/main/main.o
 .debug_abbrev  0x000002c5      0x156 ./Output/main/STM32_Startup.o
 .debug_abbrev  0x0000041b      0x19e ./Output/Component/Flash_Lib/Flash_Handmade.o
 .debug_abbrev  0x000005b9      0x214 ./Output/Component/FreeRTOS/FreeRTOS_Handmade.o
 .debug_abbrev  0x000007cd       0x14 ./Output/Component/FreeRTOS/switch.o
 .debug_abbrev  0x000007e1      0x27b ./Output/Component/GPIO_Lib/GPIO_Handmade.o
 .debug_abbrev  0x00000a5c      0x1ca ./Output/Component/I2C_Lib/I2C_Handmade.o
 .debug_abbrev  0x00000c26      0x211 ./Output/Component/RCC_Lib/RCC_Handmade.o
 .debug_abbrev  0x00000e37      0x12e ./Output/Component/SysTick_Lib/Systick_Handmade.o

.debug_loc      0x00000000     0x1b8c
 .debug_loc     0x00000000      0x4d0 ./Output/main/main.o
 .debug_loc     0x000004d0       0x72 ./Output/main/STM32_Startup.o
 .debug_loc     0x00000542      0x213 ./Output/Component/Flash_Lib/Flash_Handmade.o
 .debug_loc     0x00000755      0x500 ./Output/Component/FreeRTOS/FreeRTOS_Handmade.o
 .debug_loc     0x00000c55      0x6b7 ./Output/Component/GPIO_Lib/GPIO_Handmade.o
 .debug_loc     0x0000130c      0x10f ./Output/Component/I2C_Lib/I2C_Handmade.o
 .debug_loc     0x0000141b      0x5fb ./Output/Component/RCC_Lib/RCC_Handmade.o
 .debug_loc     0x00001a16      0x176 ./Output/Component/SysTick_Lib/Systick_Handmade.o

.debug_aranges  0x00000000      0x280
 .debug_aranges
                0x00000000       0x50 ./Output/main/main.o
 .debug_aranges
                0x00000050       0x28 ./Output/main/STM32_Startup.o
 .debug_aranges
                0x00000078       0x50 ./Output/Component/Flash_Lib/Flash_Handmade.o
 .debug_aranges
                0x000000c8       0x58 ./Output/Component/FreeRTOS/FreeRTOS_Handmade.o
 .debug_aranges
                0x00000120       0x20 ./Output/Component/FreeRTOS/switch.o
 .debug_aranges
                0x00000140       0x58 ./Output/Component/GPIO_Lib/GPIO_Handmade.o
 .debug_aranges
                0x00000198       0x40 ./Output/Component/I2C_Lib/I2C_Handmade.o
 .debug_aranges
                0x000001d8       0x70 ./Output/Component/RCC_Lib/RCC_Handmade.o
 .debug_aranges
                0x00000248       0x38 ./Output/Component/SysTick_Lib/Systick_Handmade.o

.debug_ranges   0x00000000      0x430
 .debug_ranges  0x00000000      0x120 ./Output/main/main.o
 .debug_ranges  0x00000120       0x30 ./Output/main/STM32_Startup.o
 .debug_ranges  0x00000150       0x78 ./Output/Component/Flash_Lib/Flash_Handmade.o
 .debug_ranges  0x000001c8       0x80 ./Output/Component/FreeRTOS/FreeRTOS_Handmade.o
 .debug_ranges  0x00000248       0xc0 ./Output/Component/GPIO_Lib/GPIO_Handmade.o
 .debug_ranges  0x00000308       0x30 ./Output/Component/I2C_Lib/I2C_Handmade.o
 .debug_ranges  0x00000338       0xd0 ./Output/Component/RCC_Lib/RCC_Handmade.o
 .debug_ranges  0x00000408       0x28 ./Output/Component/SysTick_Lib/Systick_Handmade.o

.debug_line     0x00000000     0x2884
 .debug_line    0x00000000      0x5ce ./Output/main/main.o
 .debug_line    0x000005ce      0x14d ./Output/main/STM32_Startup.o
 .debug_line    0x0000071b      0x53f ./Output/Component/Flash_Lib/Flash_Handmade.o
 .debug_line    0x00000c5a      0x7fc ./Output/Component/FreeRTOS/FreeRTOS_Handmade.o
 .debug_line    0x00001456       0x6f ./Output/Component/FreeRTOS/switch.o
 .debug_line    0x000014c5      0x592 ./Output/Component/GPIO_Lib/GPIO_Handmade.o
 .debug_line    0x00001a57      0x3c3 ./Output/Component/I2C_Lib/I2C_Handmade.o
 .debug_line    0x00001e1a      0x7ba ./Output/Component/RCC_Lib/RCC_Handmade.o
 .debug_line    0x000025d4      0x2b0 ./Output/Component/SysTick_Lib/Systick_Handmade.o

.debug_str      0x00000000     0x1d4d
 .debug_str     0x00000000      0xd09 ./Output/main/main.o
                                0xde2 (size before relaxing)
 .debug_str     0x00000d09       0x97 ./Output/main/STM32_Startup.o
                                0x225 (size before relaxing)
 .debug_str     0x00000da0      0x14e ./Output/Component/Flash_Lib/Flash_Handmade.o
                                0x2ee (size before relaxing)
 .debug_str     0x00000eee      0x1f1 ./Output/Component/FreeRTOS/FreeRTOS_Handmade.o
                                0x390 (size before relaxing)
 .debug_str     0x000010df       0x2a ./Output/Component/FreeRTOS/switch.o
                                 0x68 (size before relaxing)
 .debug_str     0x00001109      0x47c ./Output/Component/GPIO_Lib/GPIO_Handmade.o
                                0x60e (size before relaxing)
 .debug_str     0x00001585      0x200 ./Output/Component/I2C_Lib/I2C_Handmade.o
                                0xd66 (size before relaxing)
 .debug_str     0x00001785      0x4a5 ./Output/Component/RCC_Lib/RCC_Handmade.o
                                0x9a0 (size before relaxing)
 .debug_str     0x00001c2a      0x123 ./Output/Component/SysTick_Lib/Systick_Handmade.o
                                0x3fe (size before relaxing)

.comment        0x00000000       0x49
 .comment       0x00000000       0x49 ./Output/main/main.o
                                 0x4a (size before relaxing)
 .comment       0x00000049       0x4a ./Output/main/STM32_Startup.o
 .comment       0x00000049       0x4a ./Output/Component/Flash_Lib/Flash_Handmade.o
 .comment       0x00000049       0x4a ./Output/Component/FreeRTOS/FreeRTOS_Handmade.o
 .comment       0x00000049       0x4a ./Output/Component/GPIO_Lib/GPIO_Handmade.o
 .comment       0x00000049       0x4a ./Output/Component/I2C_Lib/I2C_Handmade.o
 .comment       0x00000049       0x4a ./Output/Component/RCC_Lib/RCC_Handmade.o
 .comment       0x00000049       0x4a ./Output/Component/SysTick_Lib/Systick_Handmade.o

.ARM.attributes
                0x00000000       0x2b
 .ARM.attributes
                0x00000000       0x2d ./Output/main/main.o
 .ARM.attributes
                0x0000002d       0x2d ./Output/main/STM32_Startup.o
 .ARM.attributes
                0x0000005a       0x2d ./Output/Component/Flash_Lib/Flash_Handmade.o
 .ARM.attributes
                0x00000087       0x2d ./Output/Component/FreeRTOS/FreeRTOS_Handmade.o
 .ARM.attributes
                0x000000b4       0x21 ./Output/Component/FreeRTOS/switch.o
 .ARM.attributes
                0x000000d5       0x2d ./Output/Component/GPIO_Lib/GPIO_Handmade.o
 .ARM.attributes
                0x00000102       0x2d ./Output/Component/I2C_Lib/I2C_Handmade.o
 .ARM.attributes
                0x0000012f       0x2d ./Output/Component/RCC_Lib/RCC_Handmade.o
 .ARM.attributes
                0x0000015c       0x2d ./Output/Component/SysTick_Lib/Systick_Handmade.o
 .ARM.attributes
                0x00000189       0x2d c:/gnu_toolchain/gcc_new/bin/../lib/gcc/arm-none-eabi/10.3.1/../../../../arm-none-eabi/lib/thumb/v7-m/nofp\libg_nano.a(lib_a-memcpy-stub.o)
 .ARM.attributes
                0x000001b6       0x2d c:/gnu_toolchain/gcc_new/bin/../lib/gcc/arm-none-eabi/10.3.1/../../../../arm-none-eabi/lib/thumb/v7-m/nofp\libg_nano.a(lib_a-memset.o)

.debug_frame    0x00000000      0x620
 .debug_frame   0x00000000       0xe0 ./Output/main/main.o
 .debug_frame   0x000000e0       0x3c ./Output/main/STM32_Startup.o
 .debug_frame   0x0000011c       0xc4 ./Output/Component/Flash_Lib/Flash_Handmade.o
 .debug_frame   0x000001e0       0xdc ./Output/Component/FreeRTOS/FreeRTOS_Handmade.o
 .debug_frame   0x000002bc       0xf8 ./Output/Component/GPIO_Lib/GPIO_Handmade.o
 .debug_frame   0x000003b4       0x88 ./Output/Component/I2C_Lib/I2C_Handmade.o
 .debug_frame   0x0000043c      0x120 ./Output/Component/RCC_Lib/RCC_Handmade.o
 .debug_frame   0x0000055c       0x7c ./Output/Component/SysTick_Lib/Systick_Handmade.o
 .debug_frame   0x000005d8       0x28 c:/gnu_toolchain/gcc_new/bin/../lib/gcc/arm-none-eabi/10.3.1/../../../../arm-none-eabi/lib/thumb/v7-m/nofp\libg_nano.a(lib_a-memcpy-stub.o)
 .debug_frame   0x00000600       0x20 c:/gnu_toolchain/gcc_new/bin/../lib/gcc/arm-none-eabi/10.3.1/../../../../arm-none-eabi/lib/thumb/v7-m/nofp\libg_nano.a(lib_a-memset.o)

Cross Reference Table

Symbol                                            File
ADC1_2_IRQHandler                                 ./Output/main/STM32_Startup.o
ADC3_IRQHandler                                   ./Output/main/STM32_Startup.o
ADC_Config_4_SENSOR                               ./Output/Component/InitSystemPeripheral/InitSystemPeripheral.o
ADC_DMA_Start                                     ./Output/Component/Adc_Lib/ADC_Handmade.o
                                                  ./Output/Component/InitSystemPeripheral/InitSystemPeripheral.o
ADC_EnableClock                                   ./Output/Component/Adc_Lib/ADC_Handmade.o
ADC_Init                                          ./Output/Component/Adc_Lib/ADC_Handmade.o
                                                  ./Output/Component/InitSystemPeripheral/InitSystemPeripheral.o
ADC_ReadMultiple                                  ./Output/Component/Adc_Lib/ADC_Handmade.o
AddressMemory                                     ./Output/Component/DMA_Lib/DMA_Handmade.o
AddressPeripheral                                 ./Output/Component/DMA_Lib/DMA_Handmade.o
BusFault_Handler                                  ./Output/main/STM32_Startup.o
CAN1_RX1_IRQHandler                               ./Output/main/STM32_Startup.o
CAN1_SCE_IRQHandler                               ./Output/main/STM32_Startup.o
ControlDevice                                     ./Output/Component/UartDataManager/UART_Data_Manager.o
DMA1_Channel1_IRQHandler                          ./Output/main/STM32_Startup.o
DMA1_Channel2_IRQHandler                          ./Output/main/STM32_Startup.o
DMA1_Channel3_IRQHandler                          ./Output/main/STM32_Startup.o
DMA1_Channel4_IRQHandler                          ./Output/main/STM32_Startup.o
DMA1_Channel5_IRQHandler                          ./Output/main/STM32_Startup.o
DMA1_Channel6_IRQHandler                          ./Output/main/STM32_Startup.o
DMA1_Channel7_IRQHandler                          ./Output/main/STM32_Startup.o
DMA2_Channel1_IRQHandler                          ./Output/main/STM32_Startup.o
DMA2_Channel2_IRQHandler                          ./Output/main/STM32_Startup.o
DMA2_Channel3_IRQHandler                          ./Output/main/STM32_Startup.o
DMA2_Channel4_5_IRQHandler                        ./Output/main/STM32_Startup.o
DMA_ADC_4_SENSOR                                  ./Output/Component/InitSystemPeripheral/InitSystemPeripheral.o
DMA_Init                                          ./Output/Component/DMA_Lib/DMA_Handmade.o
                                                  ./Output/Component/InitSystemPeripheral/InitSystemPeripheral.o
DMA_Start                                         ./Output/Component/DMA_Lib/DMA_Handmade.o
                                                  ./Output/Component/InitSystemPeripheral/InitSystemPeripheral.o
DataManager                                       ./Output/Component/UartDataManager/UART_Data_Manager.o
Data_Manager                                      ./Output/main/main.o
DebugMon_Handler                                  ./Output/main/STM32_Startup.o
Default_Handler                                   ./Output/main/STM32_Startup.o
Delay_SysTick                                     ./Output/Component/SysTick_Lib/Systick_Handmade.o
                                                  ./Output/Component/UartDataManager/UART_Data_Manager.o
DisableAllInterrupt                               ./Output/Component/Nvic_Lib/NVIC_Handmade.o
Disable_Interrupt_NVIC                            ./Output/Component/Nvic_Lib/NVIC_Handmade.o
EXTI0_IRQHandler                                  ./Output/main/STM32_Startup.o
EXTI15_10_IRQHandler                              ./Output/main/STM32_Startup.o
EXTI1_IRQHandler                                  ./Output/main/STM32_Startup.o
EXTI2_IRQHandler                                  ./Output/main/STM32_Startup.o
EXTI3_IRQHandler                                  ./Output/main/STM32_Startup.o
EXTI4_IRQHandler                                  ./Output/main/STM32_Startup.o
EXTI9_5_IRQHandler                                ./Output/main/STM32_Startup.o
EnableAllInterrupt                                ./Output/Component/Nvic_Lib/NVIC_Handmade.o
EnableInterrupt_RX_UARTx                          ./Output/Component/Uart_Lib/UART_Handmade.o
                                                  ./Output/Component/InitSystemPeripheral/InitSystemPeripheral.o
Enable_Clock_RCC_AHB                              ./Output/Component/RCC_Lib/RCC_Handmade.o
                                                  ./Output/Component/DMA_Lib/DMA_Handmade.o
Enable_Clock_RCC_APB1                             ./Output/Component/RCC_Lib/RCC_Handmade.o
                                                  ./Output/Component/Uart_Lib/UART_Handmade.o
                                                  ./Output/Component/Timer_Lib/Timer_Handmade.o
                                                  ./Output/Component/I2C_Lib/I2C_Handmade.o
Enable_Clock_RCC_APB2                             ./Output/Component/RCC_Lib/RCC_Handmade.o
                                                  ./Output/Component/Uart_Lib/UART_Handmade.o
                                                  ./Output/Component/SPI_Lib/SPI_Handmade.o
                                                  ./Output/Component/GPIO_Lib/GPIO_Handmade.o
                                                  ./Output/Component/Adc_Lib/ADC_Handmade.o
Enable_Interrupt_NVIC                             ./Output/Component/Nvic_Lib/NVIC_Handmade.o
                                                  ./Output/Component/Uart_Lib/UART_Handmade.o
FLASH_IRQHandler                                  ./Output/main/STM32_Startup.o
FSMC_IRQHandler                                   ./Output/main/STM32_Startup.o
Flash_AdjustForCLK                                ./Output/Component/Flash_Lib/Flash_Handmade.o
                                                  ./Output/Component/RCC_Lib/RCC_Handmade.o
Flash_ErasePage                                   ./Output/Component/Flash_Lib/Flash_Handmade.o
Flash_EraseRange                                  ./Output/Component/Flash_Lib/Flash_Handmade.o
Flash_Lock                                        ./Output/Component/Flash_Lib/Flash_Handmade.o
Flash_Unlock                                      ./Output/Component/Flash_Lib/Flash_Handmade.o
Flash_Write                                       ./Output/Component/Flash_Lib/Flash_Handmade.o
Flash_WriteHalfWord                               ./Output/Component/Flash_Lib/Flash_Handmade.o
Frequency_RCC                                     ./Output/Component/RCC_Lib/RCC_Handmade.o
HPRE_Prescaler                                    ./Output/Component/RCC_Lib/RCC_Handmade.o
HardFault_Handler                                 ./Output/main/STM32_Startup.o
I2C1_ER_IRQHandler                                ./Output/main/STM32_Startup.o
I2C1_EV_IRQHandler                                ./Output/main/STM32_Startup.o
I2C2_ER_IRQHandler                                ./Output/main/STM32_Startup.o
I2C2_EV_IRQHandler                                ./Output/main/STM32_Startup.o
I2C_LIST                                          ./Output/Component/I2C_Lib/I2C_Handmade.o
InitDataManager                                   ./Output/Component/UartDataManager/UART_Data_Manager.o
InitDataToESP32                                   ./Output/Component/UartDataManager/UART_Data_Manager.o
InitGPIO                                          ./Output/Component/GPIO_Lib/GPIO_Handmade.o
                                                  ./Output/Component/Uart_Lib/UART_Handmade.o
                                                  ./Output/Component/SPI_Lib/SPI_Handmade.o
                                                  ./Output/Component/InitSystemPeripheral/InitSystemPeripheral.o
                                                  ./Output/Component/I2C_Lib/I2C_Handmade.o
                                                  ./Output/Component/Adc_Lib/ADC_Handmade.o
InitGPIO_Control_Device                           ./Output/Component/InitSystemPeripheral/InitSystemPeripheral.o
InitSystem_Peripheral                             ./Output/Component/InitSystemPeripheral/InitSystemPeripheral.o
InitTimer                                         ./Output/Component/Timer_Lib/Timer_Handmade.o
LED_Hardware                                      ./Output/Component/InitSystemPeripheral/InitSystemPeripheral.o
MemManage_Handler                                 ./Output/main/STM32_Startup.o
Mutex_Create                                      ./Output/Component/MutexRTOS/MutexRTOS.o
Mutex_Lock                                        ./Output/Component/MutexRTOS/MutexRTOS.o
Mutex_Unlock                                      ./Output/Component/MutexRTOS/MutexRTOS.o
NMI_Handler                                       ./Output/main/STM32_Startup.o
NVIC_SetVectorTable                               ./Output/Component/SCB_Base/SCB_Base.o
NVIC_SystemReset_handmade                         ./Output/Component/SCB_Base/SCB_Base.o
OFF_Led_Hardware                                  ./Output/Component/GPIO_Lib/GPIO_Handmade.o
                                                  ./Output/Component/UartDataManager/UART_Data_Manager.o
ON_Led_Hardware                                   ./Output/Component/GPIO_Lib/GPIO_Handmade.o
                                                  ./Output/Component/UartDataManager/UART_Data_Manager.o
PPRE1_Prescaler                                   ./Output/Component/RCC_Lib/RCC_Handmade.o
PPRE2_Prescaler                                   ./Output/Component/RCC_Lib/RCC_Handmade.o
PVD_IRQHandler                                    ./Output/main/STM32_Startup.o
PWM_Servo_Feeder                                  ./Output/Component/InitSystemPeripheral/InitSystemPeripheral.o
PendSV_Handler                                    ./Output/Component/FreeRTOS/switch.o
                                                  ./Output/main/STM32_Startup.o
Queue_Create                                      ./Output/Component/QueueRTOS/QueueRTOS.o
Queue_Receive                                     ./Output/Component/QueueRTOS/QueueRTOS.o
Queue_Receive_FromISR                             ./Output/Component/QueueRTOS/QueueRTOS.o
Queue_Send                                        ./Output/Component/QueueRTOS/QueueRTOS.o
Queue_Send_FromISR                                ./Output/Component/QueueRTOS/QueueRTOS.o
RCC_IRQHandler                                    ./Output/main/STM32_Startup.o
RTC_Alarm_IRQHandler                              ./Output/main/STM32_Startup.o
RTC_IRQHandler                                    ./Output/main/STM32_Startup.o
ReadMultiPins                                     ./Output/Component/GPIO_Lib/GPIO_Handmade.o
ReadPin                                           ./Output/Component/GPIO_Lib/GPIO_Handmade.o
ReceiveDataUART                                   ./Output/Component/Uart_Lib/UART_Handmade.o
ReceiveDataUART_IT                                ./Output/Component/Uart_Lib/UART_Handmade.o
Reset_Handler                                     ./Output/main/STM32_Startup.o
SDIO_IRQHandler                                   ./Output/main/STM32_Startup.o
SPI1_IRQHandler                                   ./Output/main/STM32_Startup.o
SPI2_IRQHandler                                   ./Output/main/STM32_Startup.o
SPI3_IRQHandler                                   ./Output/main/STM32_Startup.o
SPIInit                                           ./Output/Component/SPI_Lib/SPI_Handmade.o
SPIReceive                                        ./Output/Component/SPI_Lib/SPI_Handmade.o
SPITransmit                                       ./Output/Component/SPI_Lib/SPI_Handmade.o
SPI_List                                          ./Output/Component/SPI_Lib/SPI_Handmade.o
SSD1306_Clear                                     ./Output/main/main.o
SSD1306_DrawCharA                                 ./Output/main/main.o
SSD1306_Init                                      ./Output/main/main.o
SSD1306_SetCursor                                 ./Output/main/main.o
SSD1306_WriteCommand                              ./Output/main/main.o
SVC_Handler                                       ./Output/main/STM32_Startup.o
Select_Frequency_CLK                              ./Output/Component/RCC_Lib/RCC_Handmade.o
Select_Prescaler_RCC                              ./Output/Component/RCC_Lib/RCC_Handmade.o
                                                  ./Output/Component/Adc_Lib/ADC_Handmade.o
Select_Sources_Clock                              ./Output/Component/RCC_Lib/RCC_Handmade.o
SendData                                          ./Output/Component/UartDataManager/UART_Data_Manager.o
SetDutyCycle                                      ./Output/Component/Timer_Lib/Timer_Handmade.o
SignalModeNormal_LED                              ./Output/Component/UartDataManager/UART_Data_Manager.o
StartPWMNormal                                    ./Output/Component/Timer_Lib/Timer_Handmade.o
SysTickConfig                                     ./Output/main/main.o
SysTickConfigDefault                              ./Output/Component/InitSystemPeripheral/InitSystemPeripheral.o
SysTick_GetCounter                                ./Output/Component/SysTick_Lib/Systick_Handmade.o
SysTick_Handler                                   ./Output/main/main.o
SysTick_Init                                      ./Output/Component/SysTick_Lib/Systick_Handmade.o
                                                  ./Output/Component/InitSystemPeripheral/InitSystemPeripheral.o
                                                  ./Output/main/main.o
SysTick_ms                                        ./Output/Component/SysTick_Lib/Systick_Handmade.o
                                                  ./Output/Component/FreeRTOS/FreeRTOS_Handmade.o
SysTick_ms_inc                                    ./Output/Component/SysTick_Lib/Systick_Handmade.o
                                                  ./Output/main/main.o
TAMPER_IRQHandler                                 ./Output/main/STM32_Startup.o
TIM1_BRK_IRQHandler                               ./Output/main/STM32_Startup.o
TIM1_CC_IRQHandler                                ./Output/main/STM32_Startup.o
TIM1_TRG_COM_IRQHandler                           ./Output/main/STM32_Startup.o
TIM1_UP_IRQHandler                                ./Output/main/STM32_Startup.o
TIM2_IRQHandler                                   ./Output/main/STM32_Startup.o
TIM3_IRQHandler                                   ./Output/main/STM32_Startup.o
TIM4_IRQHandler                                   ./Output/main/STM32_Startup.o
TIM5_IRQHandler                                   ./Output/main/STM32_Startup.o
TIM6_IRQHandler                                   ./Output/main/STM32_Startup.o
TIM7_IRQHandler                                   ./Output/main/STM32_Startup.o
TIM8_BRK_IRQHandler                               ./Output/main/STM32_Startup.o
TIM8_CC_IRQHandler                                ./Output/main/STM32_Startup.o
TIM8_TRG_COM_IRQHandler                           ./Output/main/STM32_Startup.o
TIM8_UP_IRQHandler                                ./Output/main/STM32_Startup.o
Task                                              ./Output/Component/FreeRTOS/FreeRTOS_Handmade.o
                                                  ./Output/Component/FreeRTOS/switch.o
TaskManager                                       ./Output/Component/FreeRTOS/FreeRTOS_Handmade.o
                                                  ./Output/Component/MutexRTOS/MutexRTOS.o
Task_Begin                                        ./Output/Component/FreeRTOS/FreeRTOS_Handmade.o
Task_Create                                       ./Output/Component/FreeRTOS/FreeRTOS_Handmade.o
Task_Delay                                        ./Output/Component/FreeRTOS/FreeRTOS_Handmade.o
                                                  ./Output/Component/MutexRTOS/MutexRTOS.o
Task_Delete                                       ./Output/Component/FreeRTOS/FreeRTOS_Handmade.o
Task_End                                          ./Output/Component/FreeRTOS/FreeRTOS_Handmade.o
Task_GetCurrentCPU                                ./Output/Component/FreeRTOS/FreeRTOS_Handmade.o
                                                  ./Output/Component/FreeRTOS/switch.o
Task_GetNextCPU                                   ./Output/Component/FreeRTOS/FreeRTOS_Handmade.o
                                                  ./Output/Component/FreeRTOS/switch.o
Task_Idle                                         ./Output/Component/FreeRTOS/FreeRTOS_Handmade.o
TogglePin                                         ./Output/Component/GPIO_Lib/GPIO_Handmade.o
TransmitDataUART                                  ./Output/Component/Uart_Lib/UART_Handmade.o
                                                  ./Output/Component/UartDataManager/UART_Data_Manager.o
TriggerSV_Call_Interrupt                          ./Output/Component/SCB_Base/SCB_Base.o
                                                  ./Output/Component/QueueRTOS/QueueRTOS.o
                                                  ./Output/Component/FreeRTOS/FreeRTOS_Handmade.o
UART4_IRQHandler                                  ./Output/main/STM32_Startup.o
UART5_IRQHandler                                  ./Output/main/STM32_Startup.o
UARTInit                                          ./Output/Component/Uart_Lib/UART_Handmade.o
                                                  ./Output/Component/InitSystemPeripheral/InitSystemPeripheral.o
UART_List                                         ./Output/Component/Uart_Lib/UART_Handmade.o
USART1_IRQHandler                                 ./Output/main/STM32_Startup.o
USART2_IRQHandler                                 ./Output/main/STM32_Startup.o
USART3_IRQHandler                                 ./Output/main/STM32_Startup.o
USBWakeup_IRQHandler                              ./Output/main/STM32_Startup.o
USB_HP_CAN1_TX_IRQHandler                         ./Output/main/STM32_Startup.o
USB_LP_CAN1_RX0_IRQHandler                        ./Output/main/STM32_Startup.o
UsageFault_Handler                                ./Output/main/STM32_Startup.o
WWDG_IRQHandler                                   ./Output/main/STM32_Startup.o
WriteMultiPins                                    ./Output/Component/GPIO_Lib/GPIO_Handmade.o
WritePin                                          ./Output/Component/GPIO_Lib/GPIO_Handmade.o
                                                  ./Output/Component/UartDataManager/UART_Data_Manager.o
_Data_Manager                                     ./Output/Component/InitSystemPeripheral/InitSystemPeripheral.o
__addsf3                                          c:/gnu_toolchain/gcc_new/bin/../lib/gcc/arm-none-eabi/10.3.1/thumb/v7-m/nofp\libgcc.a(_arm_addsubsf3.o)
__aeabi_f2uiz                                     c:/gnu_toolchain/gcc_new/bin/../lib/gcc/arm-none-eabi/10.3.1/thumb/v7-m/nofp\libgcc.a(_arm_fixunssfsi.o)
                                                  ./Output/Component/Uart_Lib/UART_Handmade.o
__aeabi_fadd                                      c:/gnu_toolchain/gcc_new/bin/../lib/gcc/arm-none-eabi/10.3.1/thumb/v7-m/nofp\libgcc.a(_arm_addsubsf3.o)
__aeabi_fdiv                                      c:/gnu_toolchain/gcc_new/bin/../lib/gcc/arm-none-eabi/10.3.1/thumb/v7-m/nofp\libgcc.a(_arm_muldivsf3.o)
                                                  ./Output/Component/Uart_Lib/UART_Handmade.o
__aeabi_fmul                                      c:/gnu_toolchain/gcc_new/bin/../lib/gcc/arm-none-eabi/10.3.1/thumb/v7-m/nofp\libgcc.a(_arm_muldivsf3.o)
                                                  c:/gnu_toolchain/gcc_new/bin/../lib/gcc/arm-none-eabi/10.3.1/thumb/v7-m/nofp\libgcc.a(_arm_mulsf3.o)
                                                  ./Output/Component/Uart_Lib/UART_Handmade.o
__aeabi_frsub                                     c:/gnu_toolchain/gcc_new/bin/../lib/gcc/arm-none-eabi/10.3.1/thumb/v7-m/nofp\libgcc.a(_arm_addsubsf3.o)
__aeabi_fsub                                      c:/gnu_toolchain/gcc_new/bin/../lib/gcc/arm-none-eabi/10.3.1/thumb/v7-m/nofp\libgcc.a(_arm_addsubsf3.o)
                                                  ./Output/Component/Uart_Lib/UART_Handmade.o
__aeabi_i2f                                       c:/gnu_toolchain/gcc_new/bin/../lib/gcc/arm-none-eabi/10.3.1/thumb/v7-m/nofp\libgcc.a(_arm_addsubsf3.o)
                                                  ./Output/Component/Uart_Lib/UART_Handmade.o
__aeabi_l2f                                       c:/gnu_toolchain/gcc_new/bin/../lib/gcc/arm-none-eabi/10.3.1/thumb/v7-m/nofp\libgcc.a(_arm_addsubsf3.o)
__aeabi_ui2f                                      c:/gnu_toolchain/gcc_new/bin/../lib/gcc/arm-none-eabi/10.3.1/thumb/v7-m/nofp\libgcc.a(_arm_addsubsf3.o)
                                                  ./Output/Component/Uart_Lib/UART_Handmade.o
__aeabi_ul2f                                      c:/gnu_toolchain/gcc_new/bin/../lib/gcc/arm-none-eabi/10.3.1/thumb/v7-m/nofp\libgcc.a(_arm_addsubsf3.o)
__divsf3                                          c:/gnu_toolchain/gcc_new/bin/../lib/gcc/arm-none-eabi/10.3.1/thumb/v7-m/nofp\libgcc.a(_arm_muldivsf3.o)
__errno                                           c:/gnu_toolchain/gcc_new/bin/../lib/gcc/arm-none-eabi/10.3.1/../../../../arm-none-eabi/lib/thumb/v7-m/nofp\libg_nano.a(lib_a-errno.o)
                                                  ./Output/Component/Syscall/Syscall_Handmade.o
__fixunssfsi                                      c:/gnu_toolchain/gcc_new/bin/../lib/gcc/arm-none-eabi/10.3.1/thumb/v7-m/nofp\libgcc.a(_arm_fixunssfsi.o)
__floatdisf                                       c:/gnu_toolchain/gcc_new/bin/../lib/gcc/arm-none-eabi/10.3.1/thumb/v7-m/nofp\libgcc.a(_arm_addsubsf3.o)
__floatsisf                                       c:/gnu_toolchain/gcc_new/bin/../lib/gcc/arm-none-eabi/10.3.1/thumb/v7-m/nofp\libgcc.a(_arm_addsubsf3.o)
__floatundisf                                     c:/gnu_toolchain/gcc_new/bin/../lib/gcc/arm-none-eabi/10.3.1/thumb/v7-m/nofp\libgcc.a(_arm_addsubsf3.o)
__floatunsisf                                     c:/gnu_toolchain/gcc_new/bin/../lib/gcc/arm-none-eabi/10.3.1/thumb/v7-m/nofp\libgcc.a(_arm_addsubsf3.o)
__lock___arc4random_mutex                         c:/gnu_toolchain/gcc_new/bin/../lib/gcc/arm-none-eabi/10.3.1/../../../../arm-none-eabi/lib/thumb/v7-m/nofp\libg_nano.a(lib_a-lock.o)
__lock___at_quick_exit_mutex                      c:/gnu_toolchain/gcc_new/bin/../lib/gcc/arm-none-eabi/10.3.1/../../../../arm-none-eabi/lib/thumb/v7-m/nofp\libg_nano.a(lib_a-lock.o)
__lock___atexit_recursive_mutex                   c:/gnu_toolchain/gcc_new/bin/../lib/gcc/arm-none-eabi/10.3.1/../../../../arm-none-eabi/lib/thumb/v7-m/nofp\libg_nano.a(lib_a-lock.o)
__lock___dd_hash_mutex                            c:/gnu_toolchain/gcc_new/bin/../lib/gcc/arm-none-eabi/10.3.1/../../../../arm-none-eabi/lib/thumb/v7-m/nofp\libg_nano.a(lib_a-lock.o)
__lock___env_recursive_mutex                      c:/gnu_toolchain/gcc_new/bin/../lib/gcc/arm-none-eabi/10.3.1/../../../../arm-none-eabi/lib/thumb/v7-m/nofp\libg_nano.a(lib_a-lock.o)
__lock___malloc_recursive_mutex                   c:/gnu_toolchain/gcc_new/bin/../lib/gcc/arm-none-eabi/10.3.1/../../../../arm-none-eabi/lib/thumb/v7-m/nofp\libg_nano.a(lib_a-lock.o)
                                                  c:/gnu_toolchain/gcc_new/bin/../lib/gcc/arm-none-eabi/10.3.1/../../../../arm-none-eabi/lib/thumb/v7-m/nofp\libg_nano.a(lib_a-mlock.o)
__lock___sfp_recursive_mutex                      c:/gnu_toolchain/gcc_new/bin/../lib/gcc/arm-none-eabi/10.3.1/../../../../arm-none-eabi/lib/thumb/v7-m/nofp\libg_nano.a(lib_a-lock.o)
__lock___sinit_recursive_mutex                    c:/gnu_toolchain/gcc_new/bin/../lib/gcc/arm-none-eabi/10.3.1/../../../../arm-none-eabi/lib/thumb/v7-m/nofp\libg_nano.a(lib_a-lock.o)
__lock___tz_mutex                                 c:/gnu_toolchain/gcc_new/bin/../lib/gcc/arm-none-eabi/10.3.1/../../../../arm-none-eabi/lib/thumb/v7-m/nofp\libg_nano.a(lib_a-lock.o)
__malloc_free_list                                c:/gnu_toolchain/gcc_new/bin/../lib/gcc/arm-none-eabi/10.3.1/../../../../arm-none-eabi/lib/thumb/v7-m/nofp\libg_nano.a(lib_a-nano-mallocr.o)
                                                  c:/gnu_toolchain/gcc_new/bin/../lib/gcc/arm-none-eabi/10.3.1/../../../../arm-none-eabi/lib/thumb/v7-m/nofp\libg_nano.a(lib_a-nano-freer.o)
__malloc_lock                                     c:/gnu_toolchain/gcc_new/bin/../lib/gcc/arm-none-eabi/10.3.1/../../../../arm-none-eabi/lib/thumb/v7-m/nofp\libg_nano.a(lib_a-mlock.o)
                                                  c:/gnu_toolchain/gcc_new/bin/../lib/gcc/arm-none-eabi/10.3.1/../../../../arm-none-eabi/lib/thumb/v7-m/nofp\libg_nano.a(lib_a-nano-mallocr.o)
                                                  c:/gnu_toolchain/gcc_new/bin/../lib/gcc/arm-none-eabi/10.3.1/../../../../arm-none-eabi/lib/thumb/v7-m/nofp\libg_nano.a(lib_a-nano-freer.o)
__malloc_sbrk_start                               c:/gnu_toolchain/gcc_new/bin/../lib/gcc/arm-none-eabi/10.3.1/../../../../arm-none-eabi/lib/thumb/v7-m/nofp\libg_nano.a(lib_a-nano-mallocr.o)
__malloc_unlock                                   c:/gnu_toolchain/gcc_new/bin/../lib/gcc/arm-none-eabi/10.3.1/../../../../arm-none-eabi/lib/thumb/v7-m/nofp\libg_nano.a(lib_a-mlock.o)
                                                  c:/gnu_toolchain/gcc_new/bin/../lib/gcc/arm-none-eabi/10.3.1/../../../../arm-none-eabi/lib/thumb/v7-m/nofp\libg_nano.a(lib_a-nano-mallocr.o)
                                                  c:/gnu_toolchain/gcc_new/bin/../lib/gcc/arm-none-eabi/10.3.1/../../../../arm-none-eabi/lib/thumb/v7-m/nofp\libg_nano.a(lib_a-nano-freer.o)
__mulsf3                                          c:/gnu_toolchain/gcc_new/bin/../lib/gcc/arm-none-eabi/10.3.1/thumb/v7-m/nofp\libgcc.a(_arm_muldivsf3.o)
                                                  c:/gnu_toolchain/gcc_new/bin/../lib/gcc/arm-none-eabi/10.3.1/thumb/v7-m/nofp\libgcc.a(_arm_mulsf3.o)
__retarget_lock_acquire                           c:/gnu_toolchain/gcc_new/bin/../lib/gcc/arm-none-eabi/10.3.1/../../../../arm-none-eabi/lib/thumb/v7-m/nofp\libg_nano.a(lib_a-lock.o)
__retarget_lock_acquire_recursive                 c:/gnu_toolchain/gcc_new/bin/../lib/gcc/arm-none-eabi/10.3.1/../../../../arm-none-eabi/lib/thumb/v7-m/nofp\libg_nano.a(lib_a-lock.o)
                                                  c:/gnu_toolchain/gcc_new/bin/../lib/gcc/arm-none-eabi/10.3.1/../../../../arm-none-eabi/lib/thumb/v7-m/nofp\libg_nano.a(lib_a-mlock.o)
__retarget_lock_close                             c:/gnu_toolchain/gcc_new/bin/../lib/gcc/arm-none-eabi/10.3.1/../../../../arm-none-eabi/lib/thumb/v7-m/nofp\libg_nano.a(lib_a-lock.o)
__retarget_lock_close_recursive                   c:/gnu_toolchain/gcc_new/bin/../lib/gcc/arm-none-eabi/10.3.1/../../../../arm-none-eabi/lib/thumb/v7-m/nofp\libg_nano.a(lib_a-lock.o)
__retarget_lock_init                              c:/gnu_toolchain/gcc_new/bin/../lib/gcc/arm-none-eabi/10.3.1/../../../../arm-none-eabi/lib/thumb/v7-m/nofp\libg_nano.a(lib_a-lock.o)
__retarget_lock_init_recursive                    c:/gnu_toolchain/gcc_new/bin/../lib/gcc/arm-none-eabi/10.3.1/../../../../arm-none-eabi/lib/thumb/v7-m/nofp\libg_nano.a(lib_a-lock.o)
__retarget_lock_release                           c:/gnu_toolchain/gcc_new/bin/../lib/gcc/arm-none-eabi/10.3.1/../../../../arm-none-eabi/lib/thumb/v7-m/nofp\libg_nano.a(lib_a-lock.o)
__retarget_lock_release_recursive                 c:/gnu_toolchain/gcc_new/bin/../lib/gcc/arm-none-eabi/10.3.1/../../../../arm-none-eabi/lib/thumb/v7-m/nofp\libg_nano.a(lib_a-lock.o)
                                                  c:/gnu_toolchain/gcc_new/bin/../lib/gcc/arm-none-eabi/10.3.1/../../../../arm-none-eabi/lib/thumb/v7-m/nofp\libg_nano.a(lib_a-mlock.o)
__retarget_lock_try_acquire                       c:/gnu_toolchain/gcc_new/bin/../lib/gcc/arm-none-eabi/10.3.1/../../../../arm-none-eabi/lib/thumb/v7-m/nofp\libg_nano.a(lib_a-lock.o)
__retarget_lock_try_acquire_recursive             c:/gnu_toolchain/gcc_new/bin/../lib/gcc/arm-none-eabi/10.3.1/../../../../arm-none-eabi/lib/thumb/v7-m/nofp\libg_nano.a(lib_a-lock.o)
__sf_fake_stderr                                  c:/gnu_toolchain/gcc_new/bin/../lib/gcc/arm-none-eabi/10.3.1/../../../../arm-none-eabi/lib/thumb/v7-m/nofp\libg_nano.a(lib_a-impure.o)
__sf_fake_stdin                                   c:/gnu_toolchain/gcc_new/bin/../lib/gcc/arm-none-eabi/10.3.1/../../../../arm-none-eabi/lib/thumb/v7-m/nofp\libg_nano.a(lib_a-impure.o)
__sf_fake_stdout                                  c:/gnu_toolchain/gcc_new/bin/../lib/gcc/arm-none-eabi/10.3.1/../../../../arm-none-eabi/lib/thumb/v7-m/nofp\libg_nano.a(lib_a-impure.o)
__subsf3                                          c:/gnu_toolchain/gcc_new/bin/../lib/gcc/arm-none-eabi/10.3.1/thumb/v7-m/nofp\libgcc.a(_arm_addsubsf3.o)
_ebss                                             ./Output/Component/Syscall/Syscall_Handmade.o
                                                  ./Output/main/STM32_Startup.o
_edata                                            ./Output/main/STM32_Startup.o
_eheap                                            ./Output/Component/Syscall/Syscall_Handmade.o
_estack                                           ./Output/Component/Syscall/Syscall_Handmade.o
                                                  ./Output/main/STM32_Startup.o
_etext                                            ./Output/Component/Syscall/Syscall_Handmade.o
_free_r                                           c:/gnu_toolchain/gcc_new/bin/../lib/gcc/arm-none-eabi/10.3.1/../../../../arm-none-eabi/lib/thumb/v7-m/nofp\libg_nano.a(lib_a-nano-freer.o)
                                                  c:/gnu_toolchain/gcc_new/bin/../lib/gcc/arm-none-eabi/10.3.1/../../../../arm-none-eabi/lib/thumb/v7-m/nofp\libg_nano.a(lib_a-reent.o)
                                                  c:/gnu_toolchain/gcc_new/bin/../lib/gcc/arm-none-eabi/10.3.1/../../../../arm-none-eabi/lib/thumb/v7-m/nofp\libg_nano.a(lib_a-malloc.o)
_global_impure_ptr                                c:/gnu_toolchain/gcc_new/bin/../lib/gcc/arm-none-eabi/10.3.1/../../../../arm-none-eabi/lib/thumb/v7-m/nofp\libg_nano.a(lib_a-impure.o)
_impure_ptr                                       c:/gnu_toolchain/gcc_new/bin/../lib/gcc/arm-none-eabi/10.3.1/../../../../arm-none-eabi/lib/thumb/v7-m/nofp\libg_nano.a(lib_a-impure.o)
                                                  c:/gnu_toolchain/gcc_new/bin/../lib/gcc/arm-none-eabi/10.3.1/../../../../arm-none-eabi/lib/thumb/v7-m/nofp\libg_nano.a(lib_a-reent.o)
                                                  c:/gnu_toolchain/gcc_new/bin/../lib/gcc/arm-none-eabi/10.3.1/../../../../arm-none-eabi/lib/thumb/v7-m/nofp\libg_nano.a(lib_a-malloc.o)
                                                  c:/gnu_toolchain/gcc_new/bin/../lib/gcc/arm-none-eabi/10.3.1/../../../../arm-none-eabi/lib/thumb/v7-m/nofp\libg_nano.a(lib_a-errno.o)
_la_data                                          ./Output/main/STM32_Startup.o
_malloc_r                                         c:/gnu_toolchain/gcc_new/bin/../lib/gcc/arm-none-eabi/10.3.1/../../../../arm-none-eabi/lib/thumb/v7-m/nofp\libg_nano.a(lib_a-nano-mallocr.o)
                                                  c:/gnu_toolchain/gcc_new/bin/../lib/gcc/arm-none-eabi/10.3.1/../../../../arm-none-eabi/lib/thumb/v7-m/nofp\libg_nano.a(lib_a-malloc.o)
_reclaim_reent                                    c:/gnu_toolchain/gcc_new/bin/../lib/gcc/arm-none-eabi/10.3.1/../../../../arm-none-eabi/lib/thumb/v7-m/nofp\libg_nano.a(lib_a-reent.o)
_sbrk                                             ./Output/Component/Syscall/Syscall_Handmade.o
                                                  c:/gnu_toolchain/gcc_new/bin/../lib/gcc/arm-none-eabi/10.3.1/../../../../arm-none-eabi/lib/thumb/v7-m/nofp\libg_nano.a(lib_a-sbrkr.o)
_sbrk_r                                           c:/gnu_toolchain/gcc_new/bin/../lib/gcc/arm-none-eabi/10.3.1/../../../../arm-none-eabi/lib/thumb/v7-m/nofp\libg_nano.a(lib_a-sbrkr.o)
                                                  c:/gnu_toolchain/gcc_new/bin/../lib/gcc/arm-none-eabi/10.3.1/../../../../arm-none-eabi/lib/thumb/v7-m/nofp\libg_nano.a(lib_a-nano-mallocr.o)
_sbss                                             ./Output/main/STM32_Startup.o
_sdata                                            ./Output/main/STM32_Startup.o
_sheap                                            ./Output/Component/Syscall/Syscall_Handmade.o
_sstack                                           ./Output/Component/Syscall/Syscall_Handmade.o
cleanup_glue                                      c:/gnu_toolchain/gcc_new/bin/../lib/gcc/arm-none-eabi/10.3.1/../../../../arm-none-eabi/lib/thumb/v7-m/nofp\libg_nano.a(lib_a-reent.o)
errno                                             c:/gnu_toolchain/gcc_new/bin/../lib/gcc/arm-none-eabi/10.3.1/../../../../arm-none-eabi/lib/thumb/v7-m/nofp\libg_nano.a(lib_a-reent.o)
                                                  c:/gnu_toolchain/gcc_new/bin/../lib/gcc/arm-none-eabi/10.3.1/../../../../arm-none-eabi/lib/thumb/v7-m/nofp\libg_nano.a(lib_a-sbrkr.o)
font_A_5x7                                        ./Output/main/main.o
free                                              c:/gnu_toolchain/gcc_new/bin/../lib/gcc/arm-none-eabi/10.3.1/../../../../arm-none-eabi/lib/thumb/v7-m/nofp\libg_nano.a(lib_a-malloc.o)
                                                  ./Output/Component/QueueRTOS/QueueRTOS.o
getFrequencyAHB                                   ./Output/Component/RCC_Lib/RCC_Handmade.o
getFrequencyAPB1                                  ./Output/Component/RCC_Lib/RCC_Handmade.o
                                                  ./Output/Component/Uart_Lib/UART_Handmade.o
                                                  ./Output/Component/Timer_Lib/Timer_Handmade.o
getFrequencyAPB2                                  ./Output/Component/RCC_Lib/RCC_Handmade.o
                                                  ./Output/Component/Uart_Lib/UART_Handmade.o
getFrequencyRCC                                   ./Output/Component/RCC_Lib/RCC_Handmade.o
                                                  ./Output/Component/Timer_Lib/Timer_Handmade.o
                                                  ./Output/Component/SysTick_Lib/Systick_Handmade.o
getSignalMode                                     ./Output/Component/UartDataManager/UART_Data_Manager.o
get_flash_used_percentage                         ./Output/Component/Syscall/Syscall_Handmade.o
get_free_flash                                    ./Output/Component/Syscall/Syscall_Handmade.o
get_free_heap                                     ./Output/Component/Syscall/Syscall_Handmade.o
get_free_ram                                      ./Output/Component/Syscall/Syscall_Handmade.o
get_free_stack                                    ./Output/Component/Syscall/Syscall_Handmade.o
get_heap_used_percentage                          ./Output/Component/Syscall/Syscall_Handmade.o
get_ram_used_percentage                           ./Output/Component/Syscall/Syscall_Handmade.o
get_stack_used_percentage                         ./Output/Component/Syscall/Syscall_Handmade.o
i2cconfig                                         ./Output/main/main.o
initI2C                                           ./Output/Component/I2C_Lib/I2C_Handmade.o
                                                  ./Output/main/main.o
init_RCC                                          ./Output/Component/RCC_Lib/RCC_Handmade.o
                                                  ./Output/Component/InitSystemPeripheral/InitSystemPeripheral.o
                                                  ./Output/main/main.o
interruptDisable                                  ./Output/Component/Uart_Lib/UART_Handmade.o
interruptEnable                                   ./Output/Component/Uart_Lib/UART_Handmade.o
isIdle_Task                                       ./Output/Component/FreeRTOS/FreeRTOS_Handmade.o
                                                  ./Output/Component/FreeRTOS/switch.o
isQueueEmpty                                      ./Output/Component/QueueRTOS/QueueRTOS.o
isQueueFull                                       ./Output/Component/QueueRTOS/QueueRTOS.o
main                                              ./Output/main/main.o
                                                  ./Output/Component/FreeRTOS/FreeRTOS_Handmade.o
                                                  ./Output/main/STM32_Startup.o
malloc                                            c:/gnu_toolchain/gcc_new/bin/../lib/gcc/arm-none-eabi/10.3.1/../../../../arm-none-eabi/lib/thumb/v7-m/nofp\libg_nano.a(lib_a-malloc.o)
                                                  ./Output/Component/QueueRTOS/QueueRTOS.o
                                                  ./Output/Component/MutexRTOS/MutexRTOS.o
masterSendAddress                                 ./Output/Component/I2C_Lib/I2C_Handmade.o
                                                  ./Output/main/main.o
masterSendData                                    ./Output/Component/I2C_Lib/I2C_Handmade.o
                                                  ./Output/main/main.o
masterSendStart                                   ./Output/Component/I2C_Lib/I2C_Handmade.o
                                                  ./Output/main/main.o
masterSendStop                                    ./Output/Component/I2C_Lib/I2C_Handmade.o
                                                  ./Output/main/main.o
memcpy                                            c:/gnu_toolchain/gcc_new/bin/../lib/gcc/arm-none-eabi/10.3.1/../../../../arm-none-eabi/lib/thumb/v7-m/nofp\libg_nano.a(lib_a-memcpy-stub.o)
                                                  ./Output/main/STM32_Startup.o
memset                                            c:/gnu_toolchain/gcc_new/bin/../lib/gcc/arm-none-eabi/10.3.1/../../../../arm-none-eabi/lib/thumb/v7-m/nofp\libg_nano.a(lib_a-memset.o)
                                                  ./Output/Component/UartDataManager/UART_Data_Manager.o
                                                  ./Output/main/STM32_Startup.o
rccconfig                                         ./Output/main/main.o
rccconfigDefault                                  ./Output/Component/InitSystemPeripheral/InitSystemPeripheral.o
setPriorityInterrupt                              ./Output/Component/Nvic_Lib/NVIC_Handmade.o
uartConfigDefault                                 ./Output/Component/InitSystemPeripheral/InitSystemPeripheral.o
vectors                                           ./Output/main/STM32_Startup.o
